// Jest Snapshot v1, https://goo.gl/fbAQLP

exports[`Should component render text 1`] = `
<Button
  onClick={[Function]}
  text="text"
>
  <button
    className="button"
    onClick={[Function]}
  >
    text
  </button>
</Button>
`;
